test_actual_driver_response_options_bound_and_checked (test_preparation.Preparation.test_actual_driver_response_options_bound_and_checked) ... ok
test_all_actual_driver_jobs_must_be_explicit_two (test_preparation.Preparation.test_all_actual_driver_jobs_must_be_explicit_two) ... ok
test_all_final_failures_are_retained_and_deadline_still_runs (test_preparation.Preparation.test_all_final_failures_are_retained_and_deadline_still_runs) ... ok
test_clean_receipt_controls (test_preparation.Preparation.test_clean_receipt_controls) ... ok
test_debug_two_product_positive_and_binary_custody (test_preparation.Preparation.test_debug_two_product_positive_and_binary_custody) ... ok
test_failed_command_does_not_skip_final_resources_or_deadline (test_preparation.Preparation.test_failed_command_does_not_skip_final_resources_or_deadline) ... ok
test_foreign_response_file_refused (test_preparation.Preparation.test_foreign_response_file_refused) ... ok
test_missing_actual_owner_compile_refused (test_preparation.Preparation.test_missing_actual_owner_compile_refused) ... ok
test_missing_actual_protocol_compile_refused (test_preparation.Preparation.test_missing_actual_protocol_compile_refused) ... ok
test_missing_named_object_refused (test_preparation.Preparation.test_missing_named_object_refused) ... ok
test_non_native_required_module_layout_refused (test_preparation.Preparation.test_non_native_required_module_layout_refused) ... ok
test_release_native_refused (test_preparation.Preparation.test_release_native_refused) ... ok
test_release_swift_refused (test_preparation.Preparation.test_release_swift_refused) ... ok
test_response_hidden_dependency_map_still_requires_jobs_two (test_preparation.Preparation.test_response_hidden_dependency_map_still_requires_jobs_two) ... ok
test_response_hidden_entire_driver_is_classified (test_preparation.Preparation.test_response_hidden_entire_driver_is_classified) ... ok
test_runtime_missing_fixture_link_refused (test_preparation.Preparation.test_runtime_missing_fixture_link_refused) ... ok
test_sdk_exact_parameter_invocations (test_preparation.Preparation.test_sdk_exact_parameter_invocations) ... ok
test_sdk_xml_wrong_suite_or_missing_case (test_preparation.Preparation.test_sdk_xml_wrong_suite_or_missing_case) ... ok
test_source_custody_and_all_oracles_unchanged (test_preparation.Preparation.test_source_custody_and_all_oracles_unchanged) ... ok
test_test_objects_in_runtime_refused (test_preparation.Preparation.test_test_objects_in_runtime_refused) ... ok
test_uniform_feature_abi_controls (test_preparation.Preparation.test_uniform_feature_abi_controls) ... ok
test_unknown_or_malformed_swift_driver_is_refused (test_preparation.Preparation.test_unknown_or_malformed_swift_driver_is_refused) ... ok
test_unselected_dependency_driver_cannot_hide_larger_jobs (test_preparation.Preparation.test_unselected_dependency_driver_cannot_hide_larger_jobs) ... ok
test_violating_final_resource_sample_is_retained (test_preparation.Preparation.test_violating_final_resource_sample_is_retained) ... ok
test_actual003_log_is_pinned_and_never_authorizes004_path (test_preparation.RuntimeOutputDirectory.test_actual003_log_is_pinned_and_never_authorizes004_path) ... ok
test_only_exact_path_with_optional_exact_warning_and_final_newline (test_preparation.RuntimeOutputDirectory.test_only_exact_path_with_optional_exact_warning_and_final_newline) ... ok
test_unknown_duplicate_missing_or_wrong_output_refused (test_preparation.RuntimeOutputDirectory.test_unknown_duplicate_missing_or_wrong_output_refused) ... ok
test_whitespace_control_and_interleaved_combined_output_refused (test_preparation.RuntimeOutputDirectory.test_whitespace_control_and_interleaved_combined_output_refused) ... ok
test_loader_spelling_without_exact_consumer_remains_response (test_build_proof_005.LinkerResponseTests.test_loader_spelling_without_exact_consumer_remains_response) ... ok
test_nested_response_keeps_jobs_and_owned_bounds (test_build_proof_005.LinkerResponseTests.test_nested_response_keeps_jobs_and_owned_bounds) ... ok
test_only_consumed_exact_loader_path_is_literal (test_build_proof_005.LinkerResponseTests.test_only_consumed_exact_loader_path_is_literal) ... ok
test_failed_untyped_or_unknown_results_refused (test_build_proof_005.PluginStateTests.test_failed_untyped_or_unknown_results_refused) ... ok
test_foreign_library_or_import_input_refused (test_build_proof_005.PluginStateTests.test_foreign_library_or_import_input_refused) ... ok
test_missing_binary_or_symlink_product_refused (test_build_proof_005.PluginStateTests.test_missing_binary_or_symlink_product_refused) ... ok
test_missing_duplicate_or_requoted_command_refused (test_build_proof_005.PluginStateTests.test_missing_duplicate_or_requoted_command_refused) ... ok
test_missing_larger_or_opposing_jobs_refused (test_build_proof_005.PluginStateTests.test_missing_larger_or_opposing_jobs_refused) ... ok
test_missing_or_displaced_output_refused (test_build_proof_005.PluginStateTests.test_missing_or_displaced_output_refused) ... ok
test_omitted_or_duplicate_source_refused (test_build_proof_005.PluginStateTests.test_omitted_or_duplicate_source_refused) ... ok
test_repeated_output_bound_to_exact_immediate_block (test_build_proof_005.PluginStateTests.test_repeated_output_bound_to_exact_immediate_block) ... ok
test_source_symlink_escape_refused (test_build_proof_005.PluginStateTests.test_source_symlink_escape_refused) ... ok
test_state_source_compiler_and_binary_custody (test_build_proof_005.PluginStateTests.test_state_source_compiler_and_binary_custody) ... ok
test_typed_spaces_sources_results_products_and_jobs (test_build_proof_005.PluginStateTests.test_typed_spaces_sources_results_products_and_jobs) ... ok
test_unknown_state_or_driver_shape_refused (test_build_proof_005.PluginStateTests.test_unknown_state_or_driver_shape_refused) ... ok
test_ack_timeout_never_relaunches (test_lifecycle.Lifecycle.test_ack_timeout_never_relaunches) ... ok
test_actual_detached_entry_creates_owner_then_authenticates_before_staging (test_lifecycle.Lifecycle.test_actual_detached_entry_creates_owner_then_authenticates_before_staging) ... ok
test_ambiguous_process_never_signalled_or_accepted (test_lifecycle.Lifecycle.test_ambiguous_process_never_signalled_or_accepted) ... ok
test_changed_parent_birth_does_not_grant_ownership (test_lifecycle.Lifecycle.test_changed_parent_birth_does_not_grant_ownership) ... ok
test_complete_publication_refuses_existing_evidence (test_lifecycle.Lifecycle.test_complete_publication_refuses_existing_evidence) ... ok
test_detachment_wait_is_bounded_without_relaunch (test_lifecycle.Lifecycle.test_detachment_wait_is_bounded_without_relaunch) ... ok
test_direct_child_parent_must_match (test_lifecycle.Lifecycle.test_direct_child_parent_must_match) ... ok
test_distinct_groups_and_reparenting_retain_ancestry (test_lifecycle.Lifecycle.test_distinct_groups_and_reparenting_retain_ancestry) ... ok
test_exact_control_causes_terminal_stop (test_lifecycle.Lifecycle.test_exact_control_causes_terminal_stop) ... ok
test_heartbeat_is_bounded_and_replaced (test_lifecycle.Lifecycle.test_heartbeat_is_bounded_and_replaced) ... ok
test_late_child_discovered_and_term_then_kill_escalates (test_lifecycle.Lifecycle.test_late_child_discovered_and_term_then_kill_escalates) ... ok
test_owner_directory_allowed_only_after_prelaunch_and_runtime_always_fresh (test_lifecycle.Lifecycle.test_owner_directory_allowed_only_after_prelaunch_and_runtime_always_fresh) ... ok
test_path_only_orphan_is_ambiguous_not_owned (test_lifecycle.Lifecycle.test_path_only_orphan_is_ambiguous_not_owned) ... ok
test_pid_reuse_refuses_signals (test_lifecycle.Lifecycle.test_pid_reuse_refuses_signals) ... ok
test_qualifier_refuses_unowned_direct_entry_before_runtime_creation (test_lifecycle.Lifecycle.test_qualifier_refuses_unowned_direct_entry_before_runtime_creation) ... ok
test_reparented_child_closed_after_leader_exits (test_lifecycle.Lifecycle.test_reparented_child_closed_after_leader_exits) ... ok
test_reused_launch_directory_refuses_before_fork (test_lifecycle.Lifecycle.test_reused_launch_directory_refuses_before_fork) ... ok
test_same_original_cap_boundaries (test_lifecycle.Lifecycle.test_same_original_cap_boundaries) ... ok
test_similar_foreign_path_is_not_owned_or_ambiguous (test_lifecycle.Lifecycle.test_similar_foreign_path_is_not_owned_or_ambiguous) ... ok
test_snapshot_failure_is_not_absence (test_lifecycle.Lifecycle.test_snapshot_failure_is_not_absence) ... ok
test_stale_control_identity_refuses (test_lifecycle.Lifecycle.test_stale_control_identity_refuses) ... ok
test_surviving_descendant_refuses_closure (test_lifecycle.Lifecycle.test_surviving_descendant_refuses_closure) ... ok
test_actual_tool_bytes_and_resolved_identity_are_required (test_hosted.Hosted.test_actual_tool_bytes_and_resolved_identity_are_required) ... ok
test_admission_exact_bytes_not_reserialized (test_hosted.Hosted.test_admission_exact_bytes_not_reserialized) ... ok
test_context_hash_is_checked_before_parsing (test_hosted.Hosted.test_context_hash_is_checked_before_parsing) ... ok
test_core_and_oracle_preservation (test_hosted.Hosted.test_core_and_oracle_preservation) ... ok
test_deadline_preserves_owner_and_requests_stop_only (test_hosted.Hosted.test_deadline_preserves_owner_and_requests_stop_only) ... ok
test_exact_admission_and_refusals (test_hosted.Hosted.test_exact_admission_and_refusals) ... ok
test_failed_qualification_terminal_is_not_success (test_hosted.Hosted.test_failed_qualification_terminal_is_not_success) ... ok
test_first_interruption_requests_exact_stop_and_never_credits_success (test_hosted.Hosted.test_first_interruption_requests_exact_stop_and_never_credits_success) ... ok
test_owner_missing_without_terminal_refuses_without_relaunch (test_hosted.Hosted.test_owner_missing_without_terminal_refuses_without_relaunch) ... ok
test_relocation_changes_only_exact_runtime_prefix (test_hosted.Hosted.test_relocation_changes_only_exact_runtime_prefix) ... ok
test_wait_requires_terminal_bound_result_and_actual_owner_exit (test_hosted.Hosted.test_wait_requires_terminal_bound_result_and_actual_owner_exit) ... ok

----------------------------------------------------------------------
Ran 76 tests in 0.627s

OK
