..............................................................................FF...E.
======================================================================
ERROR: test_failed_supplement_keeps_verified_base_custody_and_primary_error (test_dependency_regressions.PartialCompilerCustodyTests.test_failed_supplement_keeps_verified_base_custody_and_primary_error)
----------------------------------------------------------------------
Traceback (most recent call last):
  File "/Users/jason/localdev/lattice-perf-refinement-20260917/execution/preparation/live-scalar-profile-hosted-96-d1-003/test_dependency_regressions.py", line 100, in test_failed_supplement_keeps_verified_base_custody_and_primary_error
    value = result['finalEvidence']['compiler-custody']
            ~~~~~~^^^^^^^^^^^^^^^^^
KeyError: 'finalEvidence'

======================================================================
FAIL: test_saved_actual_swift_rules_match_authenticated_output_maps (test_dependency_regressions.ActualDependencySyntaxTests.test_saved_actual_swift_rules_match_authenticated_output_maps) (module='Lattice')
----------------------------------------------------------------------
Traceback (most recent call last):
  File "/Users/jason/localdev/lattice-perf-refinement-20260917/execution/preparation/live-scalar-profile-hosted-96-d1-003/test_dependency_regressions.py", line 38, in test_saved_actual_swift_rules_match_authenticated_output_maps
    self.assertEqual(set(targets), expected)
    ~~~~~~~~~~~~~~~~^^^^^^^^^^^^^^^^^^^^^^^^
AssertionError: Items in the second set but not the first:
'/Users/runner/localdev/lattice-live-scalar-profile-35436821175-1/candidate/scratch/arm64-apple-macosx/release/Lattice.build/VirtualListProperty~partial.swiftmodule'
'/Users/runner/localdev/lattice-live-scalar-profile-35436821175-1/candidate/scratch/arm64-apple-macosx/release/Lattice.build/TableResults~partial.swiftmodule'
'/Users/runner/localdev/lattice-live-scalar-profile-35436821175-1/candidate/scratch/arm64-apple-macosx/release/Lattice.build/Migration~partial.swiftmodule'
'/Users/runner/localdev/lattice-live-scalar-profile-35436821175-1/candidate/scratch/arm64-apple-macosx/release/Lattice.build/CoarseInvalidationBackend~partial.swiftmodule'
'/Users/runner/localdev/lattice-live-scalar-profile-35436821175-1/candidate/scratch/arm64-apple-macosx/release/Lattice.build/Lattice~partial.swiftmodule'
'/Users/runner/localdev/lattice-live-scalar-profile-35436821175-1/candidate/scratch/arm64-apple-macosx/release/Lattice.build/LinuxWebSocket~partial.swiftmodule'
'/Users/runner/localdev/lattice-live-scalar-profile-35436821175-1/candidate/scratch/arm64-apple-macosx/release/Lattice.build/Lattice.o'
'/Users/runner/localdev/lattice-live-scalar-profile-35436821175-1/candidate/scratch/arm64-apple-macosx/release/Lattice.build/QueryShapeCache~partial.swiftmodule'
'/Users/runner/localdev/lattice-live-scalar-profile-35436821175-1/candidate/scratch/arm64-apple-macosx/release/Lattice.build/Cursor~partial.swiftmodule'
'/Users/runner/localdev/lattice-live-scalar-profile-35436821175-1/candidate/scratch/arm64-apple-macosx/release/Lattice.build/ProjectionReadExecutor~partial.swiftmodule'
'/Users/runner/localdev/lattice-live-scalar-profile-35436821175-1/candidate/scratch/arm64-apple-macosx/release/Lattice.build/Sync~partial.swiftmodule'
'/Users/runner/localdev/lattice-live-scalar-profile-35436821175-1/candidate/scratch/arm64-apple-macosx/release/Lattice.build/ProjectedResults~partial.swiftmodule'
'/Users/runner/localdev/lattice-live-scalar-profile-35436821175-1/candidate/scratch/arm64-apple-macosx/release/Lattice.build/DynamicObject~partial.swiftmodule'
'/Users/runner/localdev/lattice-live-scalar-profile-35436821175-1/candidate/scratch/arm64-apple-macosx/release/Lattice.build/BulkUpdate~partial.swiftmodule'
'/Users/runner/localdev/lattice-live-scalar-profile-35436821175-1/candidate/scratch/arm64-apple-macosx/release/Lattice.build/DatabaseConnection~partial.swiftmodule'
'/Users/runner/localdev/lattice-live-scalar-profile-35436821175-1/candidate/scratch/arm64-apple-macosx/release/Lattice.build/Maintenance~partial.swiftmodule'
'/Users/runner/localdev/lattice-live-scalar-profile-35436821175-1/candidate/scratch/arm64-apple-macosx/release/Lattice.build/VirtualResultsCompat~partial.swiftmodule'
'/Users/runner/localdev/lattice-live-scalar-profile-35436821175-1/candidate/scratch/arm64-apple-macosx/release/Lattice.build/ThreadSafeReference~partial.swiftmodule'
'/Users/runner/localdev/lattice-live-scalar-profile-35436821175-1/candidate/scratch/arm64-apple-macosx/release/Lattice.build/UnionProperty~partial.swiftmodule'
'/Users/runner/localdev/lattice-live-scalar-profile-35436821175-1/candidate/scratch/arm64-apple-macosx/release/Lattice.build/ProjectionReadBackend~partial.swiftmodule'
'/Users/runner/localdev/lattice-live-scalar-profile-35436821175-1/candidate/scratch/arm64-apple-macosx/release/Lattice.build/Results~partial.swiftmodule'
'/Users/runner/localdev/lattice-live-scalar-profile-35436821175-1/candidate/scratch/arm64-apple-macosx/release/Lattice.build/ListProperty~partial.swiftmodule'
'/Users/runner/localdev/lattice-live-scalar-profile-35436821175-1/candidate/scratch/arm64-apple-macosx/release/Lattice.build/CxxBackend~partial.swiftmodule'
'/Users/runner/localdev/lattice-live-scalar-profile-35436821175-1/candidate/scratch/arm64-apple-macosx/release/Lattice.build/ObservationTurnScheduler~partial.swiftmodule'
'/Users/runner/localdev/lattice-live-scalar-profile-35436821175-1/candidate/scratch/arm64-apple-macosx/release/Lattice.build/List~partial.swiftmodule'
'/Users/runner/localdev/lattice-live-scalar-profile-35436821175-1/candidate/scratch/arm64-apple-macosx/release/Lattice.build/GenerationCoordinator~partial.swiftmodule'
'/Users/runner/localdev/lattice-live-scalar-profile-35436821175-1/candidate/scratch/arm64-apple-macosx/release/Lattice.build/VirtualList~partial.swiftmodule'
'/Users/runner/localdev/lattice-live-scalar-profile-35436821175-1/candidate/scratch/arm64-apple-macosx/release/Lattice.build/AuditLog~partial.swiftmodule'
'/Users/runner/localdev/lattice-live-scalar-profile-35436821175-1/candidate/scratch/arm64-apple-macosx/release/Lattice.build/ObservationScheduler~partial.swiftmodule'
'/Users/runner/localdev/lattice-live-scalar-profile-35436821175-1/candidate/scratch/arm64-apple-macosx/release/Lattice.build/ObserverActorDelivery~partial.swiftmodule'
'/Users/runner/localdev/lattice-live-scalar-profile-35436821175-1/candidate/scratch/arm64-apple-macosx/release/Lattice.build/SwiftUI~partial.swiftmodule'
'/Users/runner/localdev/lattice-live-scalar-profile-35436821175-1/candidate/scratch/arm64-apple-macosx/release/Lattice.build/DynamicSchemaProviding~partial.swiftmodule'
'/Users/runner/localdev/lattice-live-scalar-profile-35436821175-1/candidate/scratch/arm64-apple-macosx/release/Lattice.build/Backend~partial.swiftmodule'
'/Users/runner/localdev/lattice-live-scalar-profile-35436821175-1/candidate/scratch/arm64-apple-macosx/release/Lattice.build/DynamicResults~partial.swiftmodule'
'/Users/runner/localdev/lattice-live-scalar-profile-35436821175-1/candidate/scratch/arm64-apple-macosx/release/Lattice.build/DynamicObject+JSON~partial.swiftmodule'
'/Users/runner/localdev/lattice-live-scalar-profile-35436821175-1/candidate/scratch/arm64-apple-macosx/release/Lattice.build/Detached~partial.swiftmodule'
'/Users/runner/localdev/lattice-live-scalar-profile-35436821175-1/candidate/scratch/arm64-apple-macosx/release/Lattice.build/ObjectSchema~partial.swiftmodule'
'/Users/runner/localdev/lattice-live-scalar-profile-35436821175-1/candidate/scratch/arm64-apple-macosx/release/Lattice.build/LinkProperty~partial.swiftmodule'
'/Users/runner/localdev/lattice-live-scalar-profile-35436821175-1/candidate/scratch/arm64-apple-macosx/release/Lattice.build/TransactionFailureScope~partial.swiftmodule'
'/Users/runner/localdev/lattice-live-scalar-profile-35436821175-1/candidate/scratch/arm64-apple-macosx/release/Lattice.build/LatticePerf~partial.swiftmodule'
'/Users/runner/localdev/lattice-live-scalar-profile-35436821175-1/candidate/scratch/arm64-apple-macosx/release/Lattice.build/Accessor~partial.swiftmodule'
'/Users/runner/localdev/lattice-live-scalar-profile-35436821175-1/candidate/scratch/arm64-apple-macosx/release/Lattice.build/CxxProjectionRead~partial.swiftmodule'
'/Users/runner/localdev/lattice-live-scalar-profile-35436821175-1/candidate/scratch/arm64-apple-macosx/release/Lattice.build/VirtualModel~partial.swiftmodule'
'/Users/runner/localdev/lattice-live-scalar-profile-35436821175-1/candidate/scratch/arm64-apple-macosx/release/Lattice.build/RowCache~partial.swiftmodule'
'/Users/runner/localdev/lattice-live-scalar-profile-35436821175-1/candidate/scratch/arm64-apple-macosx/release/Lattice.build/KeysetPagination~partial.swiftmodule'
'/Users/runner/localdev/lattice-live-scalar-profile-35436821175-1/candidate/scratch/arm64-apple-macosx/release/Lattice.build/ProjectionScalar~partial.swiftmodule'
'/Users/runner/localdev/lattice-live-scalar-profile-35436821175-1/candidate/scratch/arm64-apple-macosx/release/Lattice.build/VirtualResults~partial.swiftmodule'
'/Users/runner/localdev/lattice-live-scalar-profile-35436821175-1/candidate/scratch/arm64-apple-macosx/release/Lattice.build/EmbeddedModel~partial.swiftmodule'
'/Users/runner/localdev/lattice-live-scalar-profile-35436821175-1/candidate/scratch/arm64-apple-macosx/release/Lattice.build/DynamicQuery~partial.swiftmodule'
'/Users/runner/localdev/lattice-live-scalar-profile-35436821175-1/candidate/scratch/arm64-apple-macosx/release/Lattice.build/ShapeColumnExtraction~partial.swiftmodule'
'/Users/runner/localdev/lattice-live-scalar-profile-35436821175-1/candidate/scratch/arm64-apple-macosx/release/Lattice.build/ObserverDelivery~partial.swiftmodule'
'/Users/runner/localdev/lattice-live-scalar-profile-35436821175-1/candidate/scratch/arm64-apple-macosx/release/Lattice.build/Lattice+Dynamic~partial.swiftmodule'
'/Users/runner/localdev/lattice-live-scalar-profile-35436821175-1/candidate/scratch/arm64-apple-macosx/release/Lattice.build/LinuxCompat~partial.swiftmodule'
'/Users/runner/localdev/lattice-live-scalar-profile-35436821175-1/candidate/scratch/arm64-apple-macosx/release/Lattice.build/DynamicSearch~partial.swiftmodule'
'/Users/runner/localdev/lattice-live-scalar-profile-35436821175-1/candidate/scratch/arm64-apple-macosx/release/Lattice.build/ProjectionQuery~partial.swiftmodule'
'/Users/runner/localdev/lattice-live-scalar-profile-35436821175-1/candidate/scratch/arm64-apple-macosx/release/Lattice.build/NearestResultsCompat~partial.swiftmodule'
'/Users/runner/localdev/lattice-live-scalar-profile-35436821175-1/candidate/scratch/arm64-apple-macosx/release/Lattice.build/Query~partial.swiftmodule'
'/Users/runner/localdev/lattice-live-scalar-profile-35436821175-1/candidate/scratch/arm64-apple-macosx/release/Lattice.build/InTransactionReads~partial.swiftmodule'
'/Users/runner/localdev/lattice-live-scalar-profile-35436821175-1/candidate/scratch/arm64-apple-macosx/release/Lattice.build/Model~partial.swiftmodule'
'/Users/runner/localdev/lattice-live-scalar-profile-35436821175-1/candidate/scratch/arm64-apple-macosx/release/Lattice.build/PrimitiveProperty~partial.swiftmodule'
'/Users/runner/localdev/lattice-live-scalar-profile-35436821175-1/candidate/scratch/arm64-apple-macosx/release/Lattice.build/Vector~partial.swiftmodule'
'/Users/runner/localdev/lattice-live-scalar-profile-35436821175-1/candidate/scratch/arm64-apple-macosx/release/Lattice.build/Geobounds~partial.swiftmodule'
'/Users/runner/localdev/lattice-live-scalar-profile-35436821175-1/candidate/scratch/arm64-apple-macosx/release/Lattice.build/CustomTypes~partial.swiftmodule'
'/Users/runner/localdev/lattice-live-scalar-profile-35436821175-1/candidate/scratch/arm64-apple-macosx/release/Lattice.build/LatestStateSnapshots~partial.swiftmodule'
'/Users/runner/localdev/lattice-live-scalar-profile-35436821175-1/candidate/scratch/arm64-apple-macosx/release/Lattice.build/LatticeActor~partial.swiftmodule'
'/Users/runner/localdev/lattice-live-scalar-profile-35436821175-1/candidate/scratch/arm64-apple-macosx/release/Lattice.build/KeyPathSort~partial.swiftmodule'
'/Users/runner/localdev/lattice-live-scalar-profile-35436821175-1/candidate/scratch/arm64-apple-macosx/release/Lattice.build/NearestResults~partial.swiftmodule'
'/Users/runner/localdev/lattice-live-scalar-profile-35436821175-1/candidate/scratch/arm64-apple-macosx/release/Lattice.build/DetachedResults~partial.swiftmodule'
'/Users/runner/localdev/lattice-live-scalar-profile-35436821175-1/candidate/scratch/arm64-apple-macosx/release/Lattice.build/VirtualLink~partial.swiftmodule'
'/Users/runner/localdev/lattice-live-scalar-profile-35436821175-1/candidate/scratch/arm64-apple-macosx/release/Lattice.build/SchemaProperty~partial.swiftmodule'

======================================================================
FAIL: test_saved_actual_swift_rules_match_authenticated_output_maps (test_dependency_regressions.ActualDependencySyntaxTests.test_saved_actual_swift_rules_match_authenticated_output_maps) (module='LatticeTests')
----------------------------------------------------------------------
Traceback (most recent call last):
  File "/Users/jason/localdev/lattice-perf-refinement-20260917/execution/preparation/live-scalar-profile-hosted-96-d1-003/test_dependency_regressions.py", line 38, in test_saved_actual_swift_rules_match_authenticated_output_maps
    self.assertEqual(set(targets), expected)
    ~~~~~~~~~~~~~~~~^^^^^^^^^^^^^^^^^^^^^^^^
AssertionError: Items in the second set but not the first:
'/Users/runner/localdev/lattice-live-scalar-profile-35436821175-1/candidate/scratch/arm64-apple-macosx/release/LatticeTests.build/LatticeMCPPoolTests~partial.swiftmodule'
'/Users/runner/localdev/lattice-live-scalar-profile-35436821175-1/candidate/scratch/arm64-apple-macosx/release/LatticeTests.build/ObserverPushTests~partial.swiftmodule'
'/Users/runner/localdev/lattice-live-scalar-profile-35436821175-1/candidate/scratch/arm64-apple-macosx/release/LatticeTests.build/QueryRowAnchorTests~partial.swiftmodule'
'/Users/runner/localdev/lattice-live-scalar-profile-35436821175-1/candidate/scratch/arm64-apple-macosx/release/LatticeTests.build/ObservationOrderingTests~partial.swiftmodule'
'/Users/runner/localdev/lattice-live-scalar-profile-35436821175-1/candidate/scratch/arm64-apple-macosx/release/LatticeTests.build/UnionTests~partial.swiftmodule'
'/Users/runner/localdev/lattice-live-scalar-profile-35436821175-1/candidate/scratch/arm64-apple-macosx/release/LatticeTests.build/CompatPathTests~partial.swiftmodule'
'/Users/runner/localdev/lattice-live-scalar-profile-35436821175-1/candidate/scratch/arm64-apple-macosx/release/LatticeTests.build/VectorSearchTests~partial.swiftmodule'
'/Users/runner/localdev/lattice-live-scalar-profile-35436821175-1/candidate/scratch/arm64-apple-macosx/release/LatticeTests.build/LiveResultsKeysetTests~partial.swiftmodule'
'/Users/runner/localdev/lattice-live-scalar-profile-35436821175-1/candidate/scratch/arm64-apple-macosx/release/LatticeTests.build/UnmanagedConstructionTests~partial.swiftmodule'
'/Users/runner/localdev/lattice-live-scalar-profile-35436821175-1/candidate/scratch/arm64-apple-macosx/release/LatticeTests.build/READMESnippetTests~partial.swiftmodule'
'/Users/runner/localdev/lattice-live-scalar-profile-35436821175-1/candidate/scratch/arm64-apple-macosx/release/LatticeTests.build/ObservationTurnSchedulerTests~partial.swiftmodule'
'/Users/runner/localdev/lattice-live-scalar-profile-35436821175-1/candidate/scratch/arm64-apple-macosx/release/LatticeTests.build/CrossProcessTests~partial.swiftmodule'
'/Users/runner/localdev/lattice-live-scalar-profile-35436821175-1/candidate/scratch/arm64-apple-macosx/release/LatticeTests.build/InTransactionReadYourWritesTests~partial.swiftmodule'
'/Users/runner/localdev/lattice-live-scalar-profile-35436821175-1/candidate/scratch/arm64-apple-macosx/release/LatticeTests.build/RowCacheTests~partial.swiftmodule'
'/Users/runner/localdev/lattice-live-scalar-profile-35436821175-1/candidate/scratch/arm64-apple-macosx/release/LatticeTests.build/NIORelaySyncTests~partial.swiftmodule'
'/Users/runner/localdev/lattice-live-scalar-profile-35436821175-1/candidate/scratch/arm64-apple-macosx/release/LatticeTests.build/InstanceRegistryTests~partial.swiftmodule'
'/Users/runner/localdev/lattice-live-scalar-profile-35436821175-1/candidate/scratch/arm64-apple-macosx/release/LatticeTests.build/ReclaimAndHeadersTests~partial.swiftmodule'
'/Users/runner/localdev/lattice-live-scalar-profile-35436821175-1/candidate/scratch/arm64-apple-macosx/release/LatticeTests.build/ObserveCloseRaceTests~partial.swiftmodule'
'/Users/runner/localdev/lattice-live-scalar-profile-35436821175-1/candidate/scratch/arm64-apple-macosx/release/LatticeTests.build/TestSyncServerOrderingTests~partial.swiftmodule'
'/Users/runner/localdev/lattice-live-scalar-profile-35436821175-1/candidate/scratch/arm64-apple-macosx/release/LatticeTests.build/DeleteNoRelayTests~partial.swiftmodule'
'/Users/runner/localdev/lattice-live-scalar-profile-35436821175-1/candidate/scratch/arm64-apple-macosx/release/LatticeTests.build/LatticeTests.o'
'/Users/runner/localdev/lattice-live-scalar-profile-35436821175-1/candidate/scratch/arm64-apple-macosx/release/LatticeTests.build/NoHistoryTests~partial.swiftmodule'
'/Users/runner/localdev/lattice-live-scalar-profile-35436821175-1/candidate/scratch/arm64-apple-macosx/release/LatticeTests.build/LatticeTests~partial.swiftmodule'
'/Users/runner/localdev/lattice-live-scalar-profile-35436821175-1/candidate/scratch/arm64-apple-macosx/release/LatticeTests.build/ProjectionMemoryConsumerExecutorTests~partial.swiftmodule'
'/Users/runner/localdev/lattice-live-scalar-profile-35436821175-1/candidate/scratch/arm64-apple-macosx/release/LatticeTests.build/SocketStoreCancellationTests~partial.swiftmodule'
'/Users/runner/localdev/lattice-live-scalar-profile-35436821175-1/candidate/scratch/arm64-apple-macosx/release/LatticeTests.build/QueryBindParameterTests~partial.swiftmodule'
'/Users/runner/localdev/lattice-live-scalar-profile-35436821175-1/candidate/scratch/arm64-apple-macosx/release/LatticeTests.build/HydrationIdentityTests~partial.swiftmodule'
'/Users/runner/localdev/lattice-live-scalar-profile-35436821175-1/candidate/scratch/arm64-apple-macosx/release/LatticeTests.build/VirtualListJunctionTableTests~partial.swiftmodule'
'/Users/runner/localdev/lattice-live-scalar-profile-35436821175-1/candidate/scratch/arm64-apple-macosx/release/LatticeTests.build/RebindTests~partial.swiftmodule'
'/Users/runner/localdev/lattice-live-scalar-profile-35436821175-1/candidate/scratch/arm64-apple-macosx/release/LatticeTests.build/LiveResultsChangedFieldsTests~partial.swiftmodule'
'/Users/runner/localdev/lattice-live-scalar-profile-35436821175-1/candidate/scratch/arm64-apple-macosx/release/LatticeTests.build/CheckedTransactionTests~partial.swiftmodule'
'/Users/runner/localdev/lattice-live-scalar-profile-35436821175-1/candidate/scratch/arm64-apple-macosx/release/LatticeTests.build/CloseGuardTests~partial.swiftmodule'
'/Users/runner/localdev/lattice-live-scalar-profile-35436821175-1/candidate/scratch/arm64-apple-macosx/release/LatticeTests.build/SyncTestHelpers~partial.swiftmodule'
'/Users/runner/localdev/lattice-live-scalar-profile-35436821175-1/candidate/scratch/arm64-apple-macosx/release/LatticeTests.build/ProjectionScalarTests~partial.swiftmodule'
'/Users/runner/localdev/lattice-live-scalar-profile-35436821175-1/candidate/scratch/arm64-apple-macosx/release/LatticeTests.build/PreserveGlobalIdTests~partial.swiftmodule'
'/Users/runner/localdev/lattice-live-scalar-profile-35436821175-1/candidate/scratch/arm64-apple-macosx/release/LatticeTests.build/LiveResultsIdentityTests~partial.swiftmodule'
'/Users/runner/localdev/lattice-live-scalar-profile-35436821175-1/candidate/scratch/arm64-apple-macosx/release/LatticeTests.build/LatticeMCPProviderTests~partial.swiftmodule'
'/Users/runner/localdev/lattice-live-scalar-profile-35436821175-1/candidate/scratch/arm64-apple-macosx/release/LatticeTests.build/LatestStateSnapshotsTests~partial.swiftmodule'
'/Users/runner/localdev/lattice-live-scalar-profile-35436821175-1/candidate/scratch/arm64-apple-macosx/release/LatticeTests.build/ProjectionMemoryTests~partial.swiftmodule'
'/Users/runner/localdev/lattice-live-scalar-profile-35436821175-1/candidate/scratch/arm64-apple-macosx/release/LatticeTests.build/OptionalLinkCrashTests~partial.swiftmodule'
'/Users/runner/localdev/lattice-live-scalar-profile-35436821175-1/candidate/scratch/arm64-apple-macosx/release/LatticeTests.build/ProjectionMemoryConsumerExecutor~partial.swiftmodule'
'/Users/runner/localdev/lattice-live-scalar-profile-35436821175-1/candidate/scratch/arm64-apple-macosx/release/LatticeTests.build/QueryErrorSurfaceTests~partial.swiftmodule'
'/Users/runner/localdev/lattice-live-scalar-profile-35436821175-1/candidate/scratch/arm64-apple-macosx/release/LatticeTests.build/UpsertNotificationTests~partial.swiftmodule'
'/Users/runner/localdev/lattice-live-scalar-profile-35436821175-1/candidate/scratch/arm64-apple-macosx/release/LatticeTests.build/BasicSyncTests~partial.swiftmodule'
'/Users/runner/localdev/lattice-live-scalar-profile-35436821175-1/candidate/scratch/arm64-apple-macosx/release/LatticeTests.build/RelayCheckpointGovernorTests~partial.swiftmodule'
'/Users/runner/localdev/lattice-live-scalar-profile-35436821175-1/candidate/scratch/arm64-apple-macosx/release/LatticeTests.build/BusySafeApplyForensicsTests~partial.swiftmodule'
'/Users/runner/localdev/lattice-live-scalar-profile-35436821175-1/candidate/scratch/arm64-apple-macosx/release/LatticeTests.build/ObserverActorDeliveryTests~partial.swiftmodule'
'/Users/runner/localdev/lattice-live-scalar-profile-35436821175-1/candidate/scratch/arm64-apple-macosx/release/LatticeTests.build/PushHarnessStageDiagnosticsTests~partial.swiftmodule'
'/Users/runner/localdev/lattice-live-scalar-profile-35436821175-1/candidate/scratch/arm64-apple-macosx/release/LatticeTests.build/URLChangeSyncTests~partial.swiftmodule'
'/Users/runner/localdev/lattice-live-scalar-profile-35436821175-1/candidate/scratch/arm64-apple-macosx/release/LatticeTests.build/ProjectionReadExecutorTests~partial.swiftmodule'
'/Users/runner/localdev/lattice-live-scalar-profile-35436821175-1/candidate/scratch/arm64-apple-macosx/release/LatticeTests.build/WalEpochForensicsTests~partial.swiftmodule'
'/Users/runner/localdev/lattice-live-scalar-profile-35436821175-1/candidate/scratch/arm64-apple-macosx/release/LatticeTests.build/FullTextSearchTests~partial.swiftmodule'
'/Users/runner/localdev/lattice-live-scalar-profile-35436821175-1/candidate/scratch/arm64-apple-macosx/release/LatticeTests.build/AttachedInstanceIdentityTests~partial.swiftmodule'
'/Users/runner/localdev/lattice-live-scalar-profile-35436821175-1/candidate/scratch/arm64-apple-macosx/release/LatticeTests.build/NamedMemoryTests~partial.swiftmodule'
'/Users/runner/localdev/lattice-live-scalar-profile-35436821175-1/candidate/scratch/arm64-apple-macosx/release/LatticeTests.build/VirtualLinkTests~partial.swiftmodule'
'/Users/runner/localdev/lattice-live-scalar-profile-35436821175-1/candidate/scratch/arm64-apple-macosx/release/LatticeTests.build/RelayExecutionTests~partial.swiftmodule'
'/Users/runner/localdev/lattice-live-scalar-profile-35436821175-1/candidate/scratch/arm64-apple-macosx/release/LatticeTests.build/LiveResultsCrossProcessBeltTests~partial.swiftmodule'
'/Users/runner/localdev/lattice-live-scalar-profile-35436821175-1/candidate/scratch/arm64-apple-macosx/release/LatticeTests.build/MigrationContextTests~partial.swiftmodule'
'/Users/runner/localdev/lattice-live-scalar-profile-35436821175-1/candidate/scratch/arm64-apple-macosx/release/LatticeTests.build/IPCCloudRelayTests~partial.swiftmodule'
'/Users/runner/localdev/lattice-live-scalar-profile-35436821175-1/candidate/scratch/arm64-apple-macosx/release/LatticeTests.build/RelayConnectionSetupTests~partial.swiftmodule'
'/Users/runner/localdev/lattice-live-scalar-profile-35436821175-1/candidate/scratch/arm64-apple-macosx/release/LatticeTests.build/FilteredSyncTests~partial.swiftmodule'
'/Users/runner/localdev/lattice-live-scalar-profile-35436821175-1/candidate/scratch/arm64-apple-macosx/release/LatticeTests.build/READMESnippetSwiftUITests~partial.swiftmodule'
'/Users/runner/localdev/lattice-live-scalar-profile-35436821175-1/candidate/scratch/arm64-apple-macosx/release/LatticeTests.build/SyncTuningTests~partial.swiftmodule'
'/Users/runner/localdev/lattice-live-scalar-profile-35436821175-1/candidate/scratch/arm64-apple-macosx/release/LatticeTests.build/CascadeLinkCleanupTests~partial.swiftmodule'
'/Users/runner/localdev/lattice-live-scalar-profile-35436821175-1/candidate/scratch/arm64-apple-macosx/release/LatticeTests.build/PerfRefinementBenchmarks~partial.swiftmodule'
'/Users/runner/localdev/lattice-live-scalar-profile-35436821175-1/candidate/scratch/arm64-apple-macosx/release/LatticeTests.build/RowCacheContractTests~partial.swiftmodule'
'/Users/runner/localdev/lattice-live-scalar-profile-35436821175-1/candidate/scratch/arm64-apple-macosx/release/LatticeTests.build/LiveResultsLifecycleSoakTests~partial.swiftmodule'
'/Users/runner/localdev/lattice-live-scalar-profile-35436821175-1/candidate/scratch/arm64-apple-macosx/release/LatticeTests.build/NotificationCoalescingTests~partial.swiftmodule'
'/Users/runner/localdev/lattice-live-scalar-profile-35436821175-1/candidate/scratch/arm64-apple-macosx/release/LatticeTests.build/ConstraintEvolutionTests~partial.swiftmodule'
'/Users/runner/localdev/lattice-live-scalar-profile-35436821175-1/candidate/scratch/arm64-apple-macosx/release/LatticeTests.build/ObserverDeliveryStoreQueueTests~partial.swiftmodule'
'/Users/runner/localdev/lattice-live-scalar-profile-35436821175-1/candidate/scratch/arm64-apple-macosx/release/LatticeTests.build/MigrationTests~partial.swiftmodule'
'/Users/runner/localdev/lattice-live-scalar-profile-35436821175-1/candidate/scratch/arm64-apple-macosx/release/LatticeTests.build/PayloadObserverDiagnosticLog~partial.swiftmodule'
'/Users/runner/localdev/lattice-live-scalar-profile-35436821175-1/candidate/scratch/arm64-apple-macosx/release/LatticeTests.build/DeleteCacheLockTests~partial.swiftmodule'
'/Users/runner/localdev/lattice-live-scalar-profile-35436821175-1/candidate/scratch/arm64-apple-macosx/release/LatticeTests.build/ObserverPushLatencyBench~partial.swiftmodule'
'/Users/runner/localdev/lattice-live-scalar-profile-35436821175-1/candidate/scratch/arm64-apple-macosx/release/LatticeTests.build/LiveResultsGenerationTests~partial.swiftmodule'
'/Users/runner/localdev/lattice-live-scalar-profile-35436821175-1/candidate/scratch/arm64-apple-macosx/release/LatticeTests.build/ChangeStreamLifecycleTests~partial.swiftmodule'
'/Users/runner/localdev/lattice-live-scalar-profile-35436821175-1/candidate/scratch/arm64-apple-macosx/release/LatticeTests.build/PropertyTests~partial.swiftmodule'
'/Users/runner/localdev/lattice-live-scalar-profile-35436821175-1/candidate/scratch/arm64-apple-macosx/release/LatticeTests.build/PreservingIdentityFailureTests~partial.swiftmodule'
'/Users/runner/localdev/lattice-live-scalar-profile-35436821175-1/candidate/scratch/arm64-apple-macosx/release/LatticeTests.build/CombinedQueryTests~partial.swiftmodule'
'/Users/runner/localdev/lattice-live-scalar-profile-35436821175-1/candidate/scratch/arm64-apple-macosx/release/LatticeTests.build/LatticeEnumDefaultTests~partial.swiftmodule'
'/Users/runner/localdev/lattice-live-scalar-profile-35436821175-1/candidate/scratch/arm64-apple-macosx/release/LatticeTests.build/BindParameterPerfTests~partial.swiftmodule'
'/Users/runner/localdev/lattice-live-scalar-profile-35436821175-1/candidate/scratch/arm64-apple-macosx/release/LatticeTests.build/ListQueryTests~partial.swiftmodule'
'/Users/runner/localdev/lattice-live-scalar-profile-35436821175-1/candidate/scratch/arm64-apple-macosx/release/LatticeTests.build/ResultsReferenceShapeTests~partial.swiftmodule'
'/Users/runner/localdev/lattice-live-scalar-profile-35436821175-1/candidate/scratch/arm64-apple-macosx/release/LatticeTests.build/FloorHonestyTests~partial.swiftmodule'
'/Users/runner/localdev/lattice-live-scalar-profile-35436821175-1/candidate/scratch/arm64-apple-macosx/release/LatticeTests.build/MeasureUtils~partial.swiftmodule'
'/Users/runner/localdev/lattice-live-scalar-profile-35436821175-1/candidate/scratch/arm64-apple-macosx/release/LatticeTests.build/VirtualResultsRouteTests~partial.swiftmodule'
'/Users/runner/localdev/lattice-live-scalar-profile-35436821175-1/candidate/scratch/arm64-apple-macosx/release/LatticeTests.build/CIEnvironment~partial.swiftmodule'
'/Users/runner/localdev/lattice-live-scalar-profile-35436821175-1/candidate/scratch/arm64-apple-macosx/release/LatticeTests.build/ServerRelayTests~partial.swiftmodule'
'/Users/runner/localdev/lattice-live-scalar-profile-35436821175-1/candidate/scratch/arm64-apple-macosx/release/LatticeTests.build/ResultsTests~partial.swiftmodule'
'/Users/runner/localdev/lattice-live-scalar-profile-35436821175-1/candidate/scratch/arm64-apple-macosx/release/LatticeTests.build/SyncProgressTests~partial.swiftmodule'
'/Users/runner/localdev/lattice-live-scalar-profile-35436821175-1/candidate/scratch/arm64-apple-macosx/release/LatticeTests.build/ObserverIsolationTests~partial.swiftmodule'
'/Users/runner/localdev/lattice-live-scalar-profile-35436821175-1/candidate/scratch/arm64-apple-macosx/release/LatticeTests.build/LinkCompoundUniqueTests~partial.swiftmodule'
'/Users/runner/localdev/lattice-live-scalar-profile-35436821175-1/candidate/scratch/arm64-apple-macosx/release/LatticeTests.build/IPCSyncTests~partial.swiftmodule'
'/Users/runner/localdev/lattice-live-scalar-profile-35436821175-1/candidate/scratch/arm64-apple-macosx/release/LatticeTests.build/ProjectionQueryShapeTests~partial.swiftmodule'
'/Users/runner/localdev/lattice-live-scalar-profile-35436821175-1/candidate/scratch/arm64-apple-macosx/release/LatticeTests.build/SpatialQueryShapeTests~partial.swiftmodule'
'/Users/runner/localdev/lattice-live-scalar-profile-35436821175-1/candidate/scratch/arm64-apple-macosx/release/LatticeTests.build/DetachedTests~partial.swiftmodule'
'/Users/runner/localdev/lattice-live-scalar-profile-35436821175-1/candidate/scratch/arm64-apple-macosx/release/LatticeTests.build/VirtualListTests~partial.swiftmodule'
'/Users/runner/localdev/lattice-live-scalar-profile-35436821175-1/candidate/scratch/arm64-apple-macosx/release/LatticeTests.build/ReplicationSlotTests~partial.swiftmodule'
'/Users/runner/localdev/lattice-live-scalar-profile-35436821175-1/candidate/scratch/arm64-apple-macosx/release/LatticeTests.build/ServerAckLatencyBench~partial.swiftmodule'
'/Users/runner/localdev/lattice-live-scalar-profile-35436821175-1/candidate/scratch/arm64-apple-macosx/release/LatticeTests.build/BulkUpdateTests~partial.swiftmodule'
'/Users/runner/localdev/lattice-live-scalar-profile-35436821175-1/candidate/scratch/arm64-apple-macosx/release/LatticeTests.build/VirtualSyncTests~partial.swiftmodule'
'/Users/runner/localdev/lattice-live-scalar-profile-35436821175-1/candidate/scratch/arm64-apple-macosx/release/LatticeTests.build/TransactionRollbackTests~partial.swiftmodule'
'/Users/runner/localdev/lattice-live-scalar-profile-35436821175-1/candidate/scratch/arm64-apple-macosx/release/LatticeTests.build/UnfilteredCollectionDeliveryTests~partial.swiftmodule'
'/Users/runner/localdev/lattice-live-scalar-profile-35436821175-1/candidate/scratch/arm64-apple-macosx/release/LatticeTests.build/AttachTests~partial.swiftmodule'
'/Users/runner/localdev/lattice-live-scalar-profile-35436821175-1/candidate/scratch/arm64-apple-macosx/release/LatticeTests.build/LiveResultsTrapWatchdogTests~partial.swiftmodule'
'/Users/runner/localdev/lattice-live-scalar-profile-35436821175-1/candidate/scratch/arm64-apple-macosx/release/LatticeTests.build/DetachedResultsTests~partial.swiftmodule'
'/Users/runner/localdev/lattice-live-scalar-profile-35436821175-1/candidate/scratch/arm64-apple-macosx/release/LatticeTests.build/IndexedTests~partial.swiftmodule'
'/Users/runner/localdev/lattice-live-scalar-profile-35436821175-1/candidate/scratch/arm64-apple-macosx/release/LatticeTests.build/LatticeMCPStdioTests~partial.swiftmodule'
'/Users/runner/localdev/lattice-live-scalar-profile-35436821175-1/candidate/scratch/arm64-apple-macosx/release/LatticeTests.build/ProjectedResultsTests~partial.swiftmodule'
'/Users/runner/localdev/lattice-live-scalar-profile-35436821175-1/candidate/scratch/arm64-apple-macosx/release/LatticeTests.build/MapKitCompat~partial.swiftmodule'
'/Users/runner/localdev/lattice-live-scalar-profile-35436821175-1/candidate/scratch/arm64-apple-macosx/release/LatticeTests.build/LiveResultsGenerationReadTests~partial.swiftmodule'
'/Users/runner/localdev/lattice-live-scalar-profile-35436821175-1/candidate/scratch/arm64-apple-macosx/release/LatticeTests.build/ObserverMembershipTests~partial.swiftmodule'
'/Users/runner/localdev/lattice-live-scalar-profile-35436821175-1/candidate/scratch/arm64-apple-macosx/release/LatticeTests.build/RelayIngressRegistrationTests~partial.swiftmodule'
'/Users/runner/localdev/lattice-live-scalar-profile-35436821175-1/candidate/scratch/arm64-apple-macosx/release/LatticeTests.build/CoarseInvalidationBackendTests~partial.swiftmodule'
'/Users/runner/localdev/lattice-live-scalar-profile-35436821175-1/candidate/scratch/arm64-apple-macosx/release/LatticeTests.build/EngramTests~partial.swiftmodule'
'/Users/runner/localdev/lattice-live-scalar-profile-35436821175-1/candidate/scratch/arm64-apple-macosx/release/LatticeTests.build/ObserverActorDiagnosticsTests~partial.swiftmodule'
'/Users/runner/localdev/lattice-live-scalar-profile-35436821175-1/candidate/scratch/arm64-apple-macosx/release/LatticeTests.build/SyncTestStageLog~partial.swiftmodule'
'/Users/runner/localdev/lattice-live-scalar-profile-35436821175-1/candidate/scratch/arm64-apple-macosx/release/LatticeTests.build/DynamicAPITests~partial.swiftmodule'
'/Users/runner/localdev/lattice-live-scalar-profile-35436821175-1/candidate/scratch/arm64-apple-macosx/release/LatticeTests.build/GeoboundsTests~partial.swiftmodule'
'/Users/runner/localdev/lattice-live-scalar-profile-35436821175-1/candidate/scratch/arm64-apple-macosx/release/LatticeTests.build/AuditRetentionTests~partial.swiftmodule'
'/Users/runner/localdev/lattice-live-scalar-profile-35436821175-1/candidate/scratch/arm64-apple-macosx/release/LatticeTests.build/DistinctTests~partial.swiftmodule'
'/Users/runner/localdev/lattice-live-scalar-profile-35436821175-1/candidate/scratch/arm64-apple-macosx/release/LatticeTests.build/LatticeMCPSearchTests~partial.swiftmodule'

----------------------------------------------------------------------
Ran 84 tests in 1.223s

FAILED (failures=2, errors=1)
