test_alternate_target_override (test_profile_proof.ProfileProofTests.test_alternate_target_override) ... ok
test_changed_dependency_custody (test_profile_proof.ProfileProofTests.test_changed_dependency_custody) ... ok
test_changed_dependency_input_custody (test_profile_proof.ProfileProofTests.test_changed_dependency_input_custody) ... ok
test_changed_retained_dependency_custody (test_profile_proof.ProfileProofTests.test_changed_retained_dependency_custody) ... ok
test_changed_tool_custody (test_profile_proof.ProfileProofTests.test_changed_tool_custody) ... ok
test_conflicting_native_profile_definition (test_profile_proof.ProfileProofTests.test_conflicting_native_profile_definition) ... ok
test_dependency_outside_authenticated_roots (test_profile_proof.ProfileProofTests.test_dependency_outside_authenticated_roots) ... ok
test_dependency_target_not_from_driver (test_profile_proof.ProfileProofTests.test_dependency_target_not_from_driver) ... ok
test_driver_does_not_actually_consume_harness (test_profile_proof.ProfileProofTests.test_driver_does_not_actually_consume_harness) ... ok
test_forced_macro_header_rejected (test_profile_proof.ProfileProofTests.test_forced_macro_header_rejected) ... ok
test_frontend_actual_source_mismatch (test_profile_proof.ProfileProofTests.test_frontend_actual_source_mismatch) ... ok
test_frontend_hidden_undefinition (test_profile_proof.ProfileProofTests.test_frontend_hidden_undefinition) ... ok
test_frontend_importer_mismatch (test_profile_proof.ProfileProofTests.test_frontend_importer_mismatch) ... ok
test_frontend_release_optimization_conflict (test_profile_proof.ProfileProofTests.test_frontend_release_optimization_conflict) ... ok
test_frontend_release_optimization_missing (test_profile_proof.ProfileProofTests.test_frontend_release_optimization_missing) ... ok
test_frontend_target_missing (test_profile_proof.ProfileProofTests.test_frontend_target_missing) ... ok
test_frontend_testability_missing (test_profile_proof.ProfileProofTests.test_frontend_testability_missing) ... ok
test_harness_object_not_reachable (test_profile_proof.ProfileProofTests.test_harness_object_not_reachable) ... ok
test_importer_mismatch (test_profile_proof.ProfileProofTests.test_importer_mismatch) ... ok
test_missing_native_header_dependency (test_profile_proof.ProfileProofTests.test_missing_native_header_dependency) ... ok
test_missing_native_profile_flag (test_profile_proof.ProfileProofTests.test_missing_native_profile_flag) ... ok
test_missing_selected_batch_define (test_profile_proof.ProfileProofTests.test_missing_selected_batch_define) ... ok
test_missing_swift_header_dependency (test_profile_proof.ProfileProofTests.test_missing_swift_header_dependency) ... ok
test_missing_swift_profile_define (test_profile_proof.ProfileProofTests.test_missing_swift_profile_define) ... ok
test_missing_swift_shim_dependency (test_profile_proof.ProfileProofTests.test_missing_swift_shim_dependency) ... ok
test_native_target_mismatch (test_profile_proof.ProfileProofTests.test_native_target_mismatch) ... ok
test_native_undefinition (test_profile_proof.ProfileProofTests.test_native_undefinition) ... ok
test_old_prototype_is_forbidden (test_profile_proof.ProfileProofTests.test_old_prototype_is_forbidden) ... ok
test_swift_driver_target_mismatch (test_profile_proof.ProfileProofTests.test_swift_driver_target_mismatch) ... ok
test_swift_importer_sdk_mismatch (test_profile_proof.ProfileProofTests.test_swift_importer_sdk_mismatch) ... ok
test_unknown_multiple_dependency_rules (test_profile_proof.ProfileProofTests.test_unknown_multiple_dependency_rules) ... ok
test_valid_actual_source_object_and_dependency_joins (test_profile_proof.ProfileProofTests.test_valid_actual_source_object_and_dependency_joins) ... ok
test_wrong_postimage_source_hash (test_profile_proof.ProfileProofTests.test_wrong_postimage_source_hash) ... ok
test_compile_drivers_without_frontends (test_compile_modes.CompileModes.test_compile_drivers_without_frontends) ... ok
test_contradictory_swift_driver_mode (test_compile_modes.CompileModes.test_contradictory_swift_driver_mode) ... ok
test_contradictory_swift_frontend_mode (test_compile_modes.CompileModes.test_contradictory_swift_frontend_mode) ... ok
test_control (test_compile_modes.CompileModes.test_control) ... ok
test_emit_module_driver_without_frontends (test_compile_modes.CompileModes.test_emit_module_driver_without_frontends) ... ok
test_frontend_before_driver_refused (test_compile_modes.CompileModes.test_frontend_before_driver_refused) ... ok
test_frontend_duplicate_object_refused (test_compile_modes.CompileModes.test_frontend_duplicate_object_refused) ... ok
test_frontend_duplicate_source_refused (test_compile_modes.CompileModes.test_frontend_duplicate_source_refused) ... ok
test_module_only_frontend_cannot_replace_compile (test_compile_modes.CompileModes.test_module_only_frontend_cannot_replace_compile) ... ok
test_native_assembly_only_contradiction (test_compile_modes.CompileModes.test_native_assembly_only_contradiction) ... ok
test_native_conflicting_dependency_mode_refused (test_compile_modes.CompileModes.test_native_conflicting_dependency_mode_refused) ... ok
test_native_dependency_only_contradiction (test_compile_modes.CompileModes.test_native_dependency_only_contradiction) ... ok
test_native_missing_dependency_generation (test_compile_modes.CompileModes.test_native_missing_dependency_generation) ... ok
test_native_preprocess_only_contradiction (test_compile_modes.CompileModes.test_native_preprocess_only_contradiction) ... ok
test_native_repeated_dependency_generation_refused (test_compile_modes.CompileModes.test_native_repeated_dependency_generation_refused) ... ok
test_native_syntax_only_contradiction (test_compile_modes.CompileModes.test_native_syntax_only_contradiction) ... ok
test_native_user_headers_only_mode_refused (test_compile_modes.CompileModes.test_native_user_headers_only_mode_refused) ... ok
test_object_generation_hidden_response_mode_refused (test_compile_modes.CompileModes.test_object_generation_hidden_response_mode_refused) ... ok
test_only_one_selected_frontend_absent (test_compile_modes.CompileModes.test_only_one_selected_frontend_absent) ... ok
test_two_compile_frontends_refused (test_compile_modes.CompileModes.test_two_compile_frontends_refused) ... ok
test_typecheck_frontends (test_compile_modes.CompileModes.test_typecheck_frontends) ... ok
test_admission_refuses_missing_owner_or_wrong_binding (test_runner.RunnerSourceTests.test_admission_refuses_missing_owner_or_wrong_binding) ... ok
test_changed_historical_hash (test_runner.RunnerSourceTests.test_changed_historical_hash) ... ok
test_counts_and_limits_fixed (test_runner.RunnerSourceTests.test_counts_and_limits_fixed) ... ok
test_disabled_workflow_and_absent_runtime (test_runner.RunnerSourceTests.test_disabled_workflow_and_absent_runtime) ... ok
test_final_failure_does_not_skip_later_evidence (test_runner.RunnerSourceTests.test_final_failure_does_not_skip_later_evidence) ... ok
test_graph_policy_only_exact_core_postimages_differ (test_runner.RunnerSourceTests.test_graph_policy_only_exact_core_postimages_differ) ... ok
test_guard_and_buildproof_byte_reuse (test_runner.RunnerSourceTests.test_guard_and_buildproof_byte_reuse) ... ok
test_historical_full_prerequisites (test_runner.RunnerSourceTests.test_historical_full_prerequisites) ... ok
test_measurement_exception_does_not_skip_deadline (test_runner.RunnerSourceTests.test_measurement_exception_does_not_skip_deadline) ... ok
test_no_target_or_physical_claim (test_runner.RunnerSourceTests.test_no_target_or_physical_claim) ... ok
test_retained_link_list_bytes_and_drift (test_runner.RunnerSourceTests.test_retained_link_list_bytes_and_drift) ... ok
test_runner_syntax_and_single_diagnostic_sequence (test_runner.RunnerSourceTests.test_runner_syntax_and_single_diagnostic_sequence) ... ok
test_valid_synthetic_admission (test_runner.RunnerSourceTests.test_valid_synthetic_admission) ... ok
test_wrong_base_not_later_optimization (test_runner.RunnerSourceTests.test_wrong_base_not_later_optimization) ... ok

----------------------------------------------------------------------
Ran 68 tests in 1.715s

OK
