test_case_controls_and_original_pattern (test_analysis.Oracle.test_case_controls_and_original_pattern) ... ok
test_compiler_missing_input_or_release_flag_rejected (test_analysis.Oracle.test_compiler_missing_input_or_release_flag_rejected) ... ok
test_compiler_mutated_object_map_or_binary_rejected (test_analysis.Oracle.test_compiler_mutated_object_map_or_binary_rejected) ... ok
test_compiler_transitive_link_control (test_analysis.Oracle.test_compiler_transitive_link_control) ... ok
test_compiler_unlinked_object_rejected (test_analysis.Oracle.test_compiler_unlinked_object_rejected) ... ok
test_exact_discovery (test_analysis.Oracle.test_exact_discovery) ... ok
test_exact_outer_build_identity_control (test_analysis.Oracle.test_exact_outer_build_identity_control) ... ok
test_final_custody_clears_acceptance_but_retains_observations (test_analysis.Oracle.test_final_custody_clears_acceptance_but_retains_observations) ... ok
test_framework_controls (test_analysis.Oracle.test_framework_controls) ... ok
test_framework_wrong_case_or_issue_rejected (test_analysis.Oracle.test_framework_wrong_case_or_issue_rejected) ... ok
test_full_independent_physical_read_and_wrong_route (test_analysis.Oracle.test_full_independent_physical_read_and_wrong_route) ... ok
test_global_error_or_skip_rejected (test_analysis.Oracle.test_global_error_or_skip_rejected) ... ok
test_missing_case_and_signal_log_rejected (test_analysis.Oracle.test_missing_case_and_signal_log_rejected) ... ok
test_normal_exit_controls (test_analysis.Oracle.test_normal_exit_controls) ... ok
test_original_wrong_row_signature_rejected (test_analysis.Oracle.test_original_wrong_row_signature_rejected) ... ok
test_outer_build_failure_or_receipt_drift_rejected (test_analysis.Oracle.test_outer_build_failure_or_receipt_drift_rejected) ... ok
test_seed_hash_and_extra_fixture_rejected (test_analysis.Oracle.test_seed_hash_and_extra_fixture_rejected) ... ok
test_signals_timeouts_and_cleanup_fail_closed (test_analysis.Oracle.test_signals_timeouts_and_cleanup_fail_closed) ... ok

----------------------------------------------------------------------
Ran 18 tests in 24.205s

OK
