◇ Test run started.
↳ Testing Library Version: 6.3.3 (48d727cc1cf4eda)
↳ Target Platform: x86_64-unknown-linux-gnu
◇ Suite "Live Results ChangedFields Skip Tests (item A Commit 8)" started.
◇ Suite "Recovery refresh consumers" started.
◇ Test syntheticFieldsPayload_skipsDisjointShapes_invalidatesIntersecting() started.
◇ Test extractor_dualUseOperatorKeywordsAreBookedAsColumns() started.
◇ Test extractor_plainPredicate() started.
◇ Test longSoakEquivalence_flagOnVsFlagOff() started.
◇ Test withFieldsHook_deliversPerTablePayloadInline() started.
◇ Test memberRowUnrelatedColumnUpdate_noShapeRebuild_memoryFamily() started.
◇ Test extractor_functionsOverColumnsAreReferenced() started.
◇ Test extractor_shapeDependencyIncludesImplicitID() started.
◇ Test recoverySignalRecapturesWarmShapesWithNoTableHistory(fieldAware:) started.
◇ Test predicateColumnUpdate_rebuildsAtNextAccess() started.
◇ Test flagOff_unrelatedColumnUpdateInvalidates() started.
◇ Test sortColumnUpdate_rebuildsAtNextAccess() started.
Lattice path: file:///github/home/localdev/lattice-development-35470935513-1-linux/tmp/tn_o5WDKwV09FWadUyx5xutvNmTUSomd.sqlite
Lattice path: file:///github/home/localdev/lattice-development-35470935513-1-linux/tmp/0bz7WWxk1KP5x020vy-YMHlVIuaosSsO.sqlite
◇ Test extractor_quotedAndQualifiedIdentifiers() started.
◇ Test memberRowUnrelatedColumnUpdate_noShapeRebuild_fileDB() started.
◇ Test extractor_conservativeFallbacks() started.
◇ Test case passing 1 argument fieldAware → true to recoverySignalRecapturesWarmShapesWithNoTableHistory(fieldAware:) started.
◇ Test case passing 1 argument fieldAware → false to recoverySignalRecapturesWarmShapesWithNoTableHistory(fieldAware:) started.
Lattice path: file:///github/home/localdev/lattice-development-35470935513-1-linux/tmp/jmXlc3qL_1h7FkO0Z69J0uN9mbwLqNGi.sqlite
◇ Test payloadFreeWakeRefreshesWithoutAnAuditEventAndCancellationStopsNewWakes() started.
Lattice path: file:///github/home/localdev/lattice-development-35470935513-1-linux/tmp/pJo0yZZpgRzOIANaB93xnrB4RfWyzJ_x.sqlite
✔ Test extractor_dualUseOperatorKeywordsAreBookedAsColumns() passed after 0.059 seconds.
✔ Test extractor_plainPredicate() passed after 0.060 seconds.
Lattice path: file:///github/home/localdev/lattice-development-35470935513-1-linux/tmp/CnicnQO7LmkSg_WAe-mc7JlYYJ_0UVIE.sqlite
✔ Test extractor_functionsOverColumnsAreReferenced() passed after 0.062 seconds.
✔ Test extractor_shapeDependencyIncludesImplicitID() passed after 0.062 seconds.
✔ Test memberRowUnrelatedColumnUpdate_noShapeRebuild_memoryFamily() passed after 0.062 seconds.
✔ Test withFieldsHook_deliversPerTablePayloadInline() passed after 0.062 seconds.
✔ Test syntheticFieldsPayload_skipsDisjointShapes_invalidatesIntersecting() passed after 0.063 seconds.
✔ Test recoverySignalRecapturesWarmShapesWithNoTableHistory(fieldAware:) with 2 test cases passed after 0.062 seconds.
✔ Test extractor_quotedAndQualifiedIdentifiers() passed after 0.062 seconds.
✔ Test extractor_conservativeFallbacks() passed after 0.065 seconds.
✔ Test flagOff_unrelatedColumnUpdateInvalidates() passed after 0.065 seconds.
✔ Test memberRowUnrelatedColumnUpdate_noShapeRebuild_fileDB() passed after 0.065 seconds.
✔ Test predicateColumnUpdate_rebuildsAtNextAccess() passed after 0.065 seconds.
✔ Test sortColumnUpdate_rebuildsAtNextAccess() passed after 0.081 seconds.
✔ Test longSoakEquivalence_flagOnVsFlagOff() passed after 1.106 seconds.
✔ Suite "Live Results ChangedFields Skip Tests (item A Commit 8)" passed after 1.107 seconds.
✔ Test payloadFreeWakeRefreshesWithoutAnAuditEventAndCancellationStopsNewWakes() passed after 2.073 seconds.
◇ Test cachedCountRefreshesWithBeltDisabledAndNoExplicitListener() started.
✔ Test cachedCountRefreshesWithBeltDisabledAndNoExplicitListener() passed after 1.018 seconds.
◇ Test heldModelOnlyGetsFreshPropertyWithBeltDisabled() started.
✔ Test heldModelOnlyGetsFreshPropertyWithBeltDisabled() passed after 1.017 seconds.
◇ Test rejectedOrCancelledSwiftCallbackReleasesItsContext() started.
✔ Test rejectedOrCancelledSwiftCallbackReleasesItsContext() passed after 0.002 seconds.
✔ Suite "Recovery refresh consumers" passed after 4.143 seconds.
✔ Test run with 19 tests in 2 suites passed after 4.144 seconds.
