test_additional_command (test_control_identity.MachO.test_additional_command) ... ok
test_binary_byte_limit (test_control_identity.MachO.test_binary_byte_limit) ... ok
test_command_count_and_bytes_bounded (test_control_identity.MachO.test_command_count_and_bytes_bounded) ... ok
test_command_extent_and_alignment (test_control_identity.MachO.test_command_extent_and_alignment) ... ok
test_duplicate_uuid (test_control_identity.MachO.test_duplicate_uuid) ... ok
test_missing_or_nil_uuid (test_control_identity.MachO.test_missing_or_nil_uuid) ... ok
test_non_arm64_or_non_executable (test_control_identity.MachO.test_non_arm64_or_non_executable) ... ok
test_owned_file_and_changed_identity (test_control_identity.MachO.test_owned_file_and_changed_identity) ... ok
test_truncation (test_control_identity.MachO.test_truncation) ... ok
test_valid_uuid_hash (test_control_identity.MachO.test_valid_uuid_hash) ... ok
test_wrong_magic_fat_and_endian_reject (test_control_identity.MachO.test_wrong_magic_fat_and_endian_reject) ... ok
test_ambiguous_crashed_thread (test_control_identity.Parser.test_ambiguous_crashed_thread) ... ok
test_ambiguous_document (test_control_identity.Parser.test_ambiguous_document) ... ok
test_bool_pid (test_control_identity.Parser.test_bool_pid) ... ok
test_candidate_rejects_future_capture (test_control_identity.Parser.test_candidate_rejects_future_capture) ... ok
test_candidate_rejects_stale_launch (test_control_identity.Parser.test_candidate_rejects_stale_launch) ... ok
test_candidate_requires_launch_time (test_control_identity.Parser.test_candidate_requires_launch_time) ... ok
test_candidate_requires_pid (test_control_identity.Parser.test_candidate_requires_pid) ... ok
test_candidate_requires_proc_name (test_control_identity.Parser.test_candidate_requires_proc_name) ... ok
test_duplicate_identity_key_rejected (test_control_identity.Parser.test_duplicate_identity_key_rejected) ... ok
test_escaped_slashes_decode_before_matching (test_control_identity.Parser.test_escaped_slashes_decode_before_matching) ... ok
test_fractional_report_time_with_separated_numeric_zone (test_control_identity.Parser.test_fractional_report_time_with_separated_numeric_zone) ... ok
test_full_admission_requires_launch (test_control_identity.Parser.test_full_admission_requires_launch) ... ok
test_full_admission_requires_process_name (test_control_identity.Parser.test_full_admission_requires_process_name) ... ok
test_future_time (test_control_identity.Parser.test_future_time) ... ok
test_header_and_body (test_control_identity.Parser.test_header_and_body) ... ok
test_legacy_text_requires_explicit_future_parser (test_control_identity.Parser.test_legacy_text_requires_explicit_future_parser) ... ok
test_malformed_or_missing_independent_uuid (test_control_identity.Parser.test_malformed_or_missing_independent_uuid) ... ok
test_missing_image_uuid (test_control_identity.Parser.test_missing_image_uuid) ... ok
test_missing_path_retained_not_admitted (test_control_identity.Parser.test_missing_path_retained_not_admitted) ... ok
test_missing_timezone (test_control_identity.Parser.test_missing_timezone) ... ok
test_mixed_redacted_exact_image_rejects (test_control_identity.Parser.test_mixed_redacted_exact_image_rejects) ... ok
test_module_qualified_symbol (test_control_identity.Parser.test_module_qualified_symbol) ... ok
test_observed_redaction_with_owned_uuid (test_control_identity.Parser.test_observed_redaction_with_owned_uuid) ... ok
test_other_thread_symbol (test_control_identity.Parser.test_other_thread_symbol) ... ok
test_redacted_path_retained_not_admitted (test_control_identity.Parser.test_redacted_path_retained_not_admitted) ... ok
test_redaction_is_not_wildcard_acceptance (test_control_identity.Parser.test_redaction_is_not_wildcard_acceptance) ... ok
test_report_bound (test_control_identity.Parser.test_report_bound) ... ok
test_runtime_warning_is_not_report (test_control_identity.Parser.test_runtime_warning_is_not_report) ... ok
test_single_body (test_control_identity.Parser.test_single_body) ... ok
test_stale_time (test_control_identity.Parser.test_stale_time) ... ok
test_substring_symbol_rejected (test_control_identity.Parser.test_substring_symbol_rejected) ... ok
test_third_document (test_control_identity.Parser.test_third_document) ... ok
test_unknown_image (test_control_identity.Parser.test_unknown_image) ... ok
test_unsymbolized (test_control_identity.Parser.test_unsymbolized) ... ok
test_uuid_case_representation (test_control_identity.Parser.test_uuid_case_representation) ... ok
test_uuid_mismatch_rejects_exact_and_redacted (test_control_identity.Parser.test_uuid_mismatch_rejects_exact_and_redacted) ... ok
test_wrong_path (test_control_identity.Parser.test_wrong_path) ... ok
test_wrong_pid (test_control_identity.Parser.test_wrong_pid) ... ok
test_wrong_signal (test_control_identity.Parser.test_wrong_signal) ... ok
test_absent_setting_is_also_an_independent_copy (test_environment_scope.EnvironmentScope.test_absent_setting_is_also_an_independent_copy) ... ok
test_contaminated_shared_environment_refuses_crash_launch (test_environment_scope.EnvironmentScope.test_contaminated_shared_environment_refuses_crash_launch) ... ok
test_failure_and_interruption_restore_identical_base (test_environment_scope.EnvironmentScope.test_failure_and_interruption_restore_identical_base) ... ok
test_inherited_backtrace_removed_without_touching_other_values (test_environment_scope.EnvironmentScope.test_inherited_backtrace_removed_without_touching_other_values) ... ok
test_metadata_label_cannot_opt_into_crash_environment (test_environment_scope.EnvironmentScope.test_metadata_label_cannot_opt_into_crash_environment) ... ok
test_only_three_crash_labels_receive_setting_and_original_argv (test_environment_scope.EnvironmentScope.test_only_three_crash_labels_receive_setting_and_original_argv) ... ok
test_real_call_sites_scope_control_and_two_sdk_arms_only (test_environment_scope.EnvironmentScope.test_real_call_sites_scope_control_and_two_sdk_arms_only) ... ok
test_real_retained_noisy_git_identity_still_rejected (test_environment_scope.EnvironmentScope.test_real_retained_noisy_git_identity_still_rejected) ... ok
test_actual_retained_paths_join_historical_launcher (test_image_inventory.ImageInventory.test_actual_retained_paths_join_historical_launcher) ... ok
test_missing_candidates_retained_before_same_rejection (test_image_inventory.ImageInventory.test_missing_candidates_retained_before_same_rejection) ... ok
test_real_qualifier_persists_attempt_during_constructor_before_checkout (test_image_inventory.ImageInventory.test_real_qualifier_persists_attempt_during_constructor_before_checkout) ... ok
test_sink_failure_stops_even_supported_helper (test_image_inventory.ImageInventory.test_sink_failure_stops_even_supported_helper) ... ok
test_snapshot_is_detached_from_later_mutation (test_image_inventory.ImageInventory.test_snapshot_is_detached_from_later_mutation) ... ok
test_unsupported_existing_helper_still_rejected_and_recorded (test_image_inventory.ImageInventory.test_unsupported_existing_helper_still_rejected_and_recorded) ... ok
test_valid_helper_acceptance_and_identity_unchanged (test_image_inventory.ImageInventory.test_valid_helper_acceptance_and_identity_unchanged) ... ok
test_cleanup_signal_rejected (test_packet.Acceptance.test_cleanup_signal_rejected) ... ok
test_control_before_checkout_ast (test_packet.Acceptance.test_control_before_checkout_ast) ... ok
test_expected_signal_and_named_stack (test_packet.Acceptance.test_expected_signal_and_named_stack) ... ok
test_extra_discovery_rejected (test_packet.Acceptance.test_extra_discovery_rejected) ... ok
test_framework_four (test_packet.Acceptance.test_framework_four) ... ok
test_full_signal_rejected (test_packet.Acceptance.test_full_signal_rejected) ... ok
test_interactive_rejected (test_packet.Acceptance.test_interactive_rejected) ... ok
test_missing_full_summary_rejected (test_packet.Acceptance.test_missing_full_summary_rejected) ... ok
test_missing_group_rejected (test_packet.Acceptance.test_missing_group_rejected) ... ok
test_symbol_outside_stack_rejected (test_packet.Acceptance.test_symbol_outside_stack_rejected) ... ok
test_timeout_rejected (test_packet.Acceptance.test_timeout_rejected) ... ok
test_wrong_signal_rejected (test_packet.Acceptance.test_wrong_signal_rejected) ... ok
test_aggregate_read_attempt_cap (test_packet.Collector.test_aggregate_read_attempt_cap) ... ok
test_error_metadata_capped (test_packet.Collector.test_error_metadata_capped) ... ok
test_failed_output_stays_charged_and_stops (test_packet.Collector.test_failed_output_stays_charged_and_stops) ... ok
test_fifo_swap_nonblocking (test_packet.Collector.test_fifo_swap_nonblocking) ... ok
test_file_cap_shared (test_packet.Collector.test_file_cap_shared) ... ok
test_final_copy_drift_rejected (test_packet.Collector.test_final_copy_drift_rejected) ... ok
test_late_and_deduplicated (test_packet.Collector.test_late_and_deduplicated) ... ok
test_missing_directory_observable (test_packet.Collector.test_missing_directory_observable) ... ok
test_symlink_rejected (test_packet.Collector.test_symlink_rejected) ... ok
test_total_budget_not_reset_between_scans (test_packet.Collector.test_total_budget_not_reset_between_scans) ... ok
test_wrong_owned_bundle_rejected (test_packet.Collector.test_wrong_owned_bundle_rejected) ... ok
test_complete_packet_accepted (test_required_inputs.RequiredInputs.test_complete_packet_accepted) ... ok
test_completeness_preflight_precedes_runtime_root_and_commands (test_required_inputs.RequiredInputs.test_completeness_preflight_precedes_runtime_root_and_commands) ... ok
test_control_drift_rejected (test_required_inputs.RequiredInputs.test_control_drift_rejected) ... ok
test_control_missing_on_disk_rejected (test_required_inputs.RequiredInputs.test_control_missing_on_disk_rejected) ... ok
test_each_required_input_missing_from_seal_rejected (test_required_inputs.RequiredInputs.test_each_required_input_missing_from_seal_rejected) ... ok
test_static_local_import_and_literal_packet_input_closure (test_required_inputs.RequiredInputs.test_static_local_import_and_literal_packet_input_closure) ... ok
test_fractional_launch_rejects_different_birth_in_same_second (test_sdk_capture.BirthPrecision.test_fractional_launch_rejects_different_birth_in_same_second) ... ok
test_missing_or_invalid_representation_rejects (test_sdk_capture.BirthPrecision.test_missing_or_invalid_representation_rejects) ... ok
test_one_report_unit_plus_microsecond_resolution (test_sdk_capture.BirthPrecision.test_one_report_unit_plus_microsecond_resolution) ... ok
test_timezone_and_nine_digit_fraction (test_sdk_capture.BirthPrecision.test_timezone_and_nine_digit_fraction) ... ok
test_whole_seconds_explicitly_record_their_precision (test_sdk_capture.BirthPrecision.test_whole_seconds_explicitly_record_their_precision) ... ok
test_bundle_larger_than_tiny_control_read_limit_streams (test_sdk_capture.ImageProof.test_bundle_larger_than_tiny_control_read_limit_streams) ... ok
test_changed_uuid_or_binary_rejects_original_identity (test_sdk_capture.ImageProof.test_changed_uuid_or_binary_rejects_original_identity) ... ok
test_image_verify_anchors_original_proofs (test_sdk_capture.ImageProof.test_image_verify_anchors_original_proofs) ... ok
test_images_refuse_missing_known_helper_before_sdk (test_sdk_capture.ImageProof.test_images_refuse_missing_known_helper_before_sdk) ... ok
test_process_executable_cannot_be_bundle (test_sdk_capture.ImageProof.test_process_executable_cannot_be_bundle) ... ok
test_symlink_and_unknown_format_rejected (test_sdk_capture.ImageProof.test_symlink_and_unknown_format_rejected) ... ok
test_already_exited_does_not_query_backend (test_sdk_capture.Observation.test_already_exited_does_not_query_backend) ... ok
test_changed_path_retained_as_ambiguous_history (test_sdk_capture.Observation.test_changed_path_retained_as_ambiguous_history) ... ok
test_foreign_member_not_blessed (test_sdk_capture.Observation.test_foreign_member_not_blessed) ... ok
test_leader_exit_prevents_new_ownership (test_sdk_capture.Observation.test_leader_exit_prevents_new_ownership) ... ok
test_leader_reuse_discards_scanned_members (test_sdk_capture.Observation.test_leader_reuse_discards_scanned_members) ... ok
test_member_cap_and_error_cap (test_sdk_capture.Observation.test_member_cap_and_error_cap) ... ok
test_member_reuse_during_path_read (test_sdk_capture.Observation.test_member_reuse_during_path_read) ... ok
test_missing_identity_records_unknown (test_sdk_capture.Observation.test_missing_identity_records_unknown) ... ok
test_owned_group_child_observed (test_sdk_capture.Observation.test_owned_group_child_observed) ... ok
test_sdk_header_layout (test_sdk_capture.Observation.test_sdk_header_layout) ... ok
test_ambiguous_triggered_thread (test_sdk_capture.SDKReport.test_ambiguous_triggered_thread) ... ok
test_arbitrary_bundle_redaction_not_accepted (test_sdk_capture.SDKReport.test_arbitrary_bundle_redaction_not_accepted) ... ok
test_capture_after_unobserved_helper_cannot_be_recovered_from_path (test_sdk_capture.SDKReport.test_capture_after_unobserved_helper_cannot_be_recovered_from_path) ... ok
test_literal_bundle_redaction_with_exact_uuid (test_sdk_capture.SDKReport.test_literal_bundle_redaction_with_exact_uuid) ... ok
test_other_thread_or_unsymbolized_is_not_sdk_stack (test_sdk_capture.SDKReport.test_other_thread_or_unsymbolized_is_not_sdk_stack) ... ok
test_owned_helper_and_bundle_stack (test_sdk_capture.SDKReport.test_owned_helper_and_bundle_stack) ... ok
test_pid_reuse_is_ambiguous (test_sdk_capture.SDKReport.test_pid_reuse_is_ambiguous) ... ok
test_report_uuid_cannot_supply_expected_identity (test_sdk_capture.SDKReport.test_report_uuid_cannot_supply_expected_identity) ... ok
test_stale_birth_and_late_capture (test_sdk_capture.SDKReport.test_stale_birth_and_late_capture) ... ok
test_unknown_applications_redaction_retained_unattributed (test_sdk_capture.SDKReport.test_unknown_applications_redaction_retained_unattributed) ... ok
test_unknown_helper_image_remains_unattributed (test_sdk_capture.SDKReport.test_unknown_helper_image_remains_unattributed) ... ok
test_unobserved_pid_not_retained (test_sdk_capture.SDKReport.test_unobserved_pid_not_retained) ... ok
test_control_then_sdk_share_same_caps_and_raw_rejections_survive (test_sdk_capture.SharedCustody.test_control_then_sdk_share_same_caps_and_raw_rejections_survive) ... ok
test_actual_retained_warning_logs_are_rejected (test_tool_lookup.ToolLookup.test_actual_retained_warning_logs_are_rejected) ... ok
test_ambiguous_relative_empty_and_extra_output_rejected (test_tool_lookup.ToolLookup.test_ambiguous_relative_empty_and_extra_output_rejected) ... ok
test_both_lookup_calls_use_narrow_argv_and_unchanged_timeout (test_tool_lookup.ToolLookup.test_both_lookup_calls_use_narrow_argv_and_unchanged_timeout) ... ok
test_exact_single_existing_absolute_path (test_tool_lookup.ToolLookup.test_exact_single_existing_absolute_path) ... ok
test_lookup_argv_unsets_only_backtrace (test_tool_lookup.ToolLookup.test_lookup_argv_unsets_only_backtrace) ... ok
test_missing_wrong_basename_and_directory_rejected (test_tool_lookup.ToolLookup.test_missing_wrong_basename_and_directory_rejected) ... ok
test_output_bound_rejected (test_tool_lookup.ToolLookup.test_output_bound_rejected) ... ok
test_alignment_and_reserved_rejected (test_universal_identity.UniversalIdentity.test_alignment_and_reserved_rejected) ... ok
test_architecture_table_count_and_truncation (test_universal_identity.UniversalIdentity.test_architecture_table_count_and_truncation) ... ok
test_arm_variants_and_unknown_bits_rejected (test_universal_identity.UniversalIdentity.test_arm_variants_and_unknown_bits_rejected) ... ok
test_commands_cannot_cross_selected_slice (test_universal_identity.UniversalIdentity.test_commands_cannot_cross_selected_slice) ... ok
test_control_parser_remains_thin_only (test_universal_identity.UniversalIdentity.test_control_parser_remains_thin_only) ... ok
test_duplicate_arm_rejected (test_universal_identity.UniversalIdentity.test_duplicate_arm_rejected) ... ok
test_duplicate_nil_uuid_bad_command_alignment_rejected (test_universal_identity.UniversalIdentity.test_duplicate_nil_uuid_bad_command_alignment_rejected) ... ok
test_fat32_and_fat64_select_only_arm_in_either_order (test_universal_identity.UniversalIdentity.test_fat32_and_fat64_select_only_arm_in_either_order) ... ok
test_fat_bundle_only_when_caller_allows_it (test_universal_identity.UniversalIdentity.test_fat_bundle_only_when_caller_allows_it) ... ok
test_file_identity_hashes_complete_container (test_universal_identity.UniversalIdentity.test_file_identity_hashes_complete_container) ... ok
test_inventory_accepts_unique_arm_helper_and_detects_whole_file_drift (test_universal_identity.UniversalIdentity.test_inventory_accepts_unique_arm_helper_and_detects_whole_file_drift) ... ok
test_inventory_retains_rejected_fat_header_before_mandatory_gate (test_universal_identity.UniversalIdentity.test_inventory_retains_rejected_fat_header_before_mandatory_gate) ... ok
test_no_arm_rejected (test_universal_identity.UniversalIdentity.test_no_arm_rejected) ... ok
test_overlapping_slices_rejected (test_universal_identity.UniversalIdentity.test_overlapping_slices_rejected) ... ok
test_prior_receipt_does_not_prove_fat_format (test_universal_identity.UniversalIdentity.test_prior_receipt_does_not_prove_fat_format) ... ok
test_rejection_retains_actual_bounded_header_evidence (test_universal_identity.UniversalIdentity.test_rejection_retains_actual_bounded_header_evidence) ... ok
test_slice_table_overlap_and_file_bounds (test_universal_identity.UniversalIdentity.test_slice_table_overlap_and_file_bounds) ... ok
test_swapped_fat_and_unknown_magic_rejected_with_prefix (test_universal_identity.UniversalIdentity.test_swapped_fat_and_unknown_magic_rejected_with_prefix) ... ok
test_table_and_embedded_architecture_mismatch (test_universal_identity.UniversalIdentity.test_table_and_embedded_architecture_mismatch) ... ok
test_thin_uuid_and_slice (test_universal_identity.UniversalIdentity.test_thin_uuid_and_slice) ... ok
test_unknown_nonselected_architecture_rejected (test_universal_identity.UniversalIdentity.test_unknown_nonselected_architecture_rejected) ... ok
test_uuid_only_in_other_slice_is_not_identity (test_universal_identity.UniversalIdentity.test_uuid_only_in_other_slice_is_not_identity) ... ok

----------------------------------------------------------------------
Ran 157 tests in 0.341s

OK
